// Data Snap v1

exports[`DealRules`] = {
  "data": "deal.dealer = 'south';\ndeal.vuln = 'All'\nlet dir = null;\nlet foo = null;\nlet points = null;\ndir = deal.south;\nfoo = `1`;\npoints = [4, 3, 2, 1];\nif (dir.balancedNoM()) { return false; }\nif (!(dir.points === 17)) {\n  return false;\n}\ndeal.bid({level: 0,description: `${foo}`,});\nreturn true;\n",
  "meta": {
    "expires": null
  }
}
